<testsuites id="" name="" tests="3" failures="1" skipped="0" errors="0" time="10.403209">
<testsuite name="google.spec.ts" timestamp="2025-09-15T07:43:44.350Z" hostname="chromium" tests="3" failures="1" skipped="0" time="7.068" errors="0">
<testcase name="check page title" classname="google.spec.ts" time="2.792">
<system-out>
<![CDATA[page title : Account Login
]]>
</system-out>
</testcase>
<testcase name="check page url" classname="google.spec.ts" time="2.322">
<system-out>
<![CDATA[page url ::::: https://naveenautomationlabs.com/opencart/index.php?route=account/login
]]>
</system-out>
</testcase>
<testcase name="check page logo" classname="google.spec.ts" time="1.954">
<failure message="google.spec.ts:17:1 check page logo" type="FAILURE">
<![CDATA[  [chromium] ΓÇ║ google.spec.ts:17:1 ΓÇ║ check page logo ΓöÇΓöÇΓöÇΓöÇΓöÇΓöÇΓöÇΓöÇΓöÇΓöÇΓöÇΓöÇΓöÇΓöÇΓöÇΓöÇΓöÇΓöÇΓöÇΓöÇΓöÇΓöÇΓöÇΓöÇΓöÇΓöÇΓöÇΓöÇΓöÇΓöÇΓöÇΓöÇΓöÇΓöÇΓöÇΓöÇΓöÇΓöÇΓöÇΓöÇΓöÇΓöÇΓöÇΓöÇΓöÇΓöÇΓöÇ

    Error: expect(received).toBe(expected) // Object.is equality

    Expected: 2
    Received: 1

      17 | test('check page logo', async ({ page }) => {
      18 |     await page.goto('https://naveenautomationlabs.com/opencart/index.php?route=account/login');
    > 19 |     expect(await page.getByTitle('naveenopencart').count()).toBe(2);
         |                                                             ^
      20 | })
        at E:\NAVEEN\June2025PlaywrightWithTypescript\tests\google.spec.ts:19:61

    Error Context: ..\test-results\google-check-page-logo-chromium\error-context.md
]]>
</failure>
<system-out>
<![CDATA[
[[ATTACHMENT|test-results\google-check-page-logo-chromium\error-context.md]]
]]>
</system-out>
</testcase>
</testsuite>
</testsuites>
